// Jest Snapshot v1, https://goo.gl/fbAQLP

exports[`renders learn react link 1`] = `
.c0 {
  color: #0A1128;
  font-size: 4.0rem;
  text-transform: none;
}

<div
  class=""
>
  <h1
    class="c0"
  >
    Hello
  </h1>
</div>
`;
